C51 COMPILER V9.60.0.0   UART                                                              11/19/2021 20:00:44 PAGE 1   


C51 COMPILER V9.60.0.0, COMPILATION OF MODULE UART
OBJECT MODULE PLACED IN .\Objects\UART.obj
COMPILER INVOKED BY: C:\Keil_v5\C51\BIN\C51.EXE UART.c LARGE OPTIMIZE(8,SPEED) BROWSE DEBUG OBJECTEXTEND PRINT(.\Listing
                    -s\UART.lst) TABS(2) OBJECT(.\Objects\UART.obj)

line level    source

   1          #include <REG52.H>
   2          #include "MCP2515.H"
   3          
   4          #define FOSC   11059200UL        /*单片机使用11.0592M晶体*/
   5          #define BAUD   9600UL            /*波特率定义为9600*/
   6          
   7          bit UART_Busy_Flag = 0;                //串口1发送数据忙标志位
   8          
   9          /*******************************************************************************
  10          * 函数名  : UART_init
  11          * 描述    : UART初始化配置
  12          * 输入    : 无
  13          * 输出    : 无
  14          * 返回值  : 无
  15          * 说明    : 无
  16          *******************************************************************************/
  17          void UART_init(void)        //串口初始化
  18          {
  19   1          EA = 0;                        //暂时关闭中断
  20   1          TMOD &= 0x0F;                //定时器1模式控制在高4位
  21   1          TMOD |= 0x20;                //定时器1工作在模式2，自动重装模式
  22   1          SCON = 0x50;                //串口工作在模式1
  23   1          TH1 = 256 - FOSC / (BAUD * 12 * 16); //计算定时器重装值
  24   1          TL1 = 256 - FOSC / (BAUD * 12 * 16);
  25   1          PCON |= 0x80;                //串口波特率加倍
  26   1          TI = 1;
  27   1          ES = 1;                        //串行中断允许
  28   1          TR1 = 1;                        //启动定时器1
  29   1          REN = 1;                        //允许接收
  30   1          EA = 1;                        //允许中断
  31   1      }
  32          
  33          /*******************************************************************************
  34          * 函数名  : uart
  35          * 描述    : UART中断服务函数
  36          * 输入    : 无
  37          * 输出    : 无
  38          * 返回值  : 无
  39          * 说明    : 无
  40          *******************************************************************************/
  41          void uart(void) interrupt 4         //串口发送中断
  42          {
  43   1      if(RI)    //收到数据
  44   1      {
  45   2      RI = 0;   //清中断请求
  46   2      }
  47   1      else      //发送完一字节数据
  48   1      {
  49   2      TI = 0;
  50   2      UART_Busy_Flag = 0;  //清0正在发送标志
  51   2      }
  52   1      }
  53          
  54          /*******************************************************************************
C51 COMPILER V9.60.0.0   UART                                                              11/19/2021 20:00:44 PAGE 2   

  55          * 函数名  : UART_send_str
  56          * 描述    : UART发送一个字节
  57          * 输入    : d：待发送数据
  58          * 输出    : 无
  59          * 返回值  : 无
  60          * 说明    : 无
  61          *******************************************************************************/
  62          void UART_send_str(uint8 d)          //发送一个字节的数据，形参d即为待发送数据。
  63          {
  64   1          SBUF = d; //将数据写入到串口缓冲
  65   1          UART_Busy_Flag = 1;     //设置发送标志
  66   1          while (UART_Busy_Flag); //等待发送完毕
  67   1      }
  68          
  69          /*******************************************************************************
  70          * 函数名  : UART_send_buffer
  71          * 描述    : UART发送一个缓冲区数据
  72          * 输入    : *buff：待发送缓冲区首地址,len：待发送数据长度
  73          * 输出    : 无
  74          * 返回值  : 无
  75          * 说明    : 无
  76          *******************************************************************************/
  77          void UART_send_buffer(uint8 *buffer) {
  78   1          do {
  79   2              UART_send_str(*buffer); //发送一个字符
  80   2          } while (*buffer++ != '\0');
  81   1      }


MODULE INFORMATION:   STATIC OVERLAYABLE
   CODE SIZE        =    101    ----
   CONSTANT SIZE    =   ----    ----
   XDATA SIZE       =   ----       3
   PDATA SIZE       =   ----    ----
   DATA SIZE        =   ----    ----
   IDATA SIZE       =   ----    ----
   BIT SIZE         =      1    ----
END OF MODULE INFORMATION.


C51 COMPILATION COMPLETE.  0 WARNING(S),  0 ERROR(S)
